C251 COMPILER V5.60.0,  main                                                               02/05/24  17:38:29  PAGE 1   


C251 COMPILER V5.60.0, COMPILATION OF MODULE main
OBJECT MODULE PLACED IN .\Out_File\main.obj
COMPILER INVOKED BY: C:\Keil_v5\C251\BIN\C251.EXE Project\USER\src\main.c XSMALL INTR2 WARNINGLEVEL(3) OPTIMIZE(0,SPEED)
                    - BROWSE INCDIR(Libraries\libraries;Libraries\seekfree_libraries;Libraries\seekfree_peripheral;Project\CODE;Project\USER\
                    -inc;Project\USER\src;Libraries\seekfree_components;.\Project\HAL) DEBUG PRINT(.\Out_File\main.lst) TABS(2) OBJECT(.\Out_
                    -File\main.obj) 

stmt  level    source

    1          #include "headfile.h"
    2          #include "hal.h"
    3          #include "ui.h"
    4          #include "key.h"
    5          
    6          void gpio_init()
    7          {
    8   1          P1M0 = 0xff; P1M1 = 0x00; 
    9   1          P6M0 = 0xff; P6M1 = 0x00; 
   10   1          P1M0 = 0x77; P1M1 = 0x00; // 将LED使用的IO口配置为双向口
   11   1          P6M0 = 0xbf; P6M1 = 0x00; // 将LED使用的IO口配置为双向口
   12   1      }
   13          
   14          void motor_drivers_pwm_init()
   15          {
   16   1          // 参数：模块_端口, 频率, 占空比(÷10000)
   17   1          pwm_init(PWMA_CH1P_P60, 30000, 0);   // X方向驱动板PB, 30KHz, 10%占空比
   18   1          pwm_init(PWMA_CH2N_P63, 30000, 0);   // X方向驱动板PA，30KHz, 10%占空比
   19   1          pwm_init(PWMA_CH4N_P67, 30000, 0);   // Y方向驱动板PB, 30KHz, 10%占空比
   20   1          pwm_init(PWMA_CH3P_P14, 30000, 0);   // Y方向驱动板PA, 30KHz, 10%占空比
   21   1          wheel_adjust(X_ALL, 0);
   22   1          wheel_adjust(Y_ALL, 0);
   23   1      }
   24          
   25          void servo_chassis_pwm_init()
   26          {
   27   1          // 初始化旋转底盘舵机PWM接口
   28   1          pwm_init(PWMB_CH1_P00, 5000, 0);
   29   1      }
   30          
   31          void servo_mech_arm_pwm_init()
   32          {
   33   1          // 初始化机械臂舵机PWM接口
   34   1          pwm_init(PWMB_CH2_P01, 5000, 0);
   35   1      }
   36          
   37          void stepper_pwm_init()
   38          {
   39   1          // 初始化步进电机PWM接口
   40   1          // P3.2 <-> DIR
   41   1          // P3.3 <-> STP (PWM) 频率:0-20kHz
   42   1          // P3.5 <-> EN        1:使能步进电机；0:步进电机脱机
   43   1          pwm_init(PWMB_CH3_P02, 10000, 0);
   44   1      }
   45          
   46          void main()
   47          {   
   48   1          led_1 = 0;
   49   1          led_2 = 0;
   50   1          led_3 = 0;
   51   1      
   52   1        board_init();             // 初始化寄存器,勿删除此句代码。
   53   1          motor_drivers_pwm_init();     // 初始化PWM
   54   1          gpio_init();                    // 初始化GPIO
   55   1          oled_init_spi();                // 初始化OLED显示屏
   56   1          wheel_oled_init();              // 初始化速度显示OLED显示屏
C251 COMPILER V5.60.0,  main                                                               02/05/24  17:38:29  PAGE 2   

   57   1          ui_init();                      // 初始化UI
   58   1          delay_ms(100);
   59   1          laser_ranging_init();           // 初始化测距模块
   60   1          host_comm_uart_init();          // 初始化主机通信UART
   61   1          while(1)
   62   1          {
   63   2              key1_check();
   64   2              key2_check();
   65   2              key3_check();
   66   2              key4_check();
   67   2              host_comm_sender();
   68   2              wheel_dynamic_adjusting();
   69   2              uart_tx_send_buffer();
   70   2              wheel_oled_update();
   71   2          }
   72   1      }
   73          
   74          
   75          /********************************************************************************************************
             -*************
   76           * COPYRIGHT NOTICE
   77           * Copyright (c) 2020,逐飞科技
   78           * All rights reserved.
   79           * 技术讨论QQ群：一群：179029047(已满)  二群：244861897(已满)  三群：824575535
   80           *
   81           * 以下所有内容版权均属逐飞科技所有，未经允许不得用于商业用途，
   82           * 欢迎各位使用并传播本程序，修改内容时必须保留逐飞科技的版权声明。
   83           *
   84           * @file          main
   85           * @company       成都逐飞科技有限公司
   86           * @author        逐飞科技(QQ790875685)
   87           * @version       查看doc内version文件 版本说明
   88           * @Software    MDK FOR C251 V5.60
   89           * @Target core   STC32G12K128
   90           * @Taobao      https://seekfree.taobao.com/
   91           * @date          2020-12-18
   92           ********************************************************************************************************
             -************/


Module Information          Static   Overlayable
------------------------------------------------
  code size            =       237     ------
  ecode size           =    ------     ------
  data size            =    ------     ------
  idata size           =    ------     ------
  pdata size           =    ------     ------
  xdata size           =    ------     ------
  xdata-const size     =    ------     ------
  edata size           =    ------     ------
  bit size             =    ------     ------
  ebit size            =    ------     ------
  bitaddressable size  =    ------     ------
  ebitaddressable size =    ------     ------
  far data size        =    ------     ------
  huge data size       =    ------     ------
  const size           =    ------     ------
  hconst size          =    ------     ------
End of Module Information.


C251 COMPILATION COMPLETE.  0 WARNING(S),  0 ERROR(S)
