C251 COMPILER V5.60.0,  stepper                                                            30/04/24  13:29:28  PAGE 1   


C251 COMPILER V5.60.0, COMPILATION OF MODULE stepper
OBJECT MODULE PLACED IN .\Out_File\stepper.obj
COMPILER INVOKED BY: C:\Keil_v5\C251\BIN\C251.EXE Project\HAL\stepper.c XSMALL INTR2 WARNINGLEVEL(3) OPTIMIZE(0,SPEED) B
                    -ROWSE INCDIR(Libraries\libraries;Libraries\seekfree_libraries;Libraries\seekfree_peripheral;Project\CODE;Project\USER\in
                    -c;Project\USER\src;Libraries\seekfree_components;.\Project\HAL) DEBUG PRINT(.\Out_File\stepper.lst) TABS(2) OBJECT(.\Out
                    -_File\stepper.obj) 

stmt  level    source

*** WARNING C38 IN LINE 1 OF Project\HAL\stepper.c: empty translation unit


Module Information          Static   Overlayable
------------------------------------------------
  code size            =    ------     ------
  ecode size           =    ------     ------
  data size            =    ------     ------
  idata size           =    ------     ------
  pdata size           =    ------     ------
  xdata size           =    ------     ------
  xdata-const size     =    ------     ------
  edata size           =    ------     ------
  bit size             =    ------     ------
  ebit size            =    ------     ------
  bitaddressable size  =    ------     ------
  ebitaddressable size =    ------     ------
  far data size        =    ------     ------
  huge data size       =    ------     ------
  const size           =    ------     ------
  hconst size          =    ------     ------
End of Module Information.


C251 COMPILATION COMPLETE.  1 WARNING(S),  0 ERROR(S)
