C251 COMPILER V5.60.0,  ui                                                                 04/05/24  13:05:26  PAGE 1   


C251 COMPILER V5.60.0, COMPILATION OF MODULE ui
OBJECT MODULE PLACED IN .\Out_File\ui.obj
COMPILER INVOKED BY: C:\Keil_v5\C251\BIN\C251.EXE Project\CODE\ui.c XSMALL INTR2 WARNINGLEVEL(3) OPTIMIZE(0,SPEED) BROWS
                    -E INCDIR(Libraries\libraries;Libraries\seekfree_libraries;Libraries\seekfree_peripheral;Project\CODE;Project\USER\inc;Pr
                    -oject\USER\src;Libraries\seekfree_components;.\Project\HAL) DEBUG PRINT(.\Out_File\ui.lst) TABS(2) OBJECT(.\Out_File\ui.
                    -obj) 

stmt  level    source

    1          #include "headfile.h"
    2          #include "ui.h"
    3          
    4          unsigned char ui_loading_index = 0;
    5          
    6          void ui_init()
    7          {
    8   1          oled_p6x8str_spi(0, 0, "CYBERCART");
    9   1          oled_p6x8str_spi(0, 1, "DEBUG");
   10   1          oled_p6x8str_spi(6*18, 0, "VER");
   11   1          oled_p6x8str_spi(6*18, 1, "1.0");
   12   1          
   13   1          // oled_p6x8str_spi(0, 2, "DISTX:");
   14   1          // oled_p6x8str_spi(0, 3, "DISTY:");
   15   1          // oled_p6x8str_spi(0, 4, "ANGLE:");
   16   1      
   17   1          ui_keys_init();                 // 初始化按键UI
   18   1      }
   19          
   20          void ui_keys_init()
   21          {
   22   1          // 初始化按键UI
   23   1          oled_p6x8str_spi(0, 7, "[1][2][3][4]");
   24   1      }
   25          
   26          void ui_running()
   27          {
   28   1          ui_loading_index++;
   29   1          if(ui_loading_index > 3) ui_loading_index = 0;
   30   1          switch (ui_loading_index)
   31   1          {
   32   2          case 0:
   33   2              oled_p6x8str_spi(20*6, 7, '1');
   34   2              break;
   35   2          case 1:
   36   2              oled_p6x8str_spi(20*6, 7, '2');
   37   2              break;
   38   2          case 2:
   39   2              oled_p6x8str_spi(20*6, 7, '3');
   40   2              break;
   41   2          case 3:
   42   2              oled_p6x8str_spi(20*6, 7, '4');
   43   2              break;
   44   2          default:
   45   2              break;
   46   2          }
   47   1      }


Module Information          Static   Overlayable
------------------------------------------------
  code size            =       180     ------
  ecode size           =    ------     ------
  data size            =    ------     ------
  idata size           =    ------     ------
  pdata size           =    ------     ------
  xdata size           =    ------     ------
C251 COMPILER V5.60.0,  ui                                                                 04/05/24  13:05:26  PAGE 2   

  xdata-const size     =    ------     ------
  edata size           =         1     ------
  bit size             =    ------     ------
  ebit size            =    ------     ------
  bitaddressable size  =    ------     ------
  ebitaddressable size =    ------     ------
  far data size        =    ------     ------
  huge data size       =    ------     ------
  const size           =    ------     ------
  hconst size          =        42     ------
End of Module Information.


C251 COMPILATION COMPLETE.  0 WARNING(S),  0 ERROR(S)
