C251 COMPILER V5.60.0,  ui                                                                 26/04/24  17:20:22  PAGE 1   


C251 COMPILER V5.60.0, COMPILATION OF MODULE ui
OBJECT MODULE PLACED IN .\Out_File\ui.obj
COMPILER INVOKED BY: C:\Keil_v5\C251\BIN\C251.EXE Project\CODE\ui.c XSMALL INTR2 WARNINGLEVEL(3) OPTIMIZE(0,SPEED) BROWS
                    -E INCDIR(Libraries\libraries;Libraries\seekfree_libraries;Libraries\seekfree_peripheral;Project\CODE;Project\USER\inc;Pr
                    -oject\USER\src;Libraries\seekfree_components) DEBUG PRINT(.\Out_File\ui.lst) TABS(2) OBJECT(.\Out_File\ui.obj) 

stmt  level    source

    1          #include "headfile.h"
    2          #include "ui.h"
    3          
    4          unsigned char ui_loading_index = 0;
    5          
    6          void ui_init()
    7          {
    8   1          oled_p6x8str_spi(0, 0, "CYBERCART");
    9   1          oled_p6x8str_spi(0, 1, "DEBUG");
   10   1          oled_p6x8str_spi(6*18, 0, "VER");
   11   1          oled_p6x8str_spi(6*18, 1, "1.0");
   12   1          
   13   1          ui_keys_init();                 // 初始化按键UI
   14   1      }
   15          
   16          void ui_keys_init()
   17          {
   18   1          // 初始化按键UI
   19   1          oled_p6x8str_spi(0, 7, "[1][2][3][4]");
   20   1      }
   21          
   22          // void ui_running_init_timer()
   23          // {                           //500毫秒@33.1776MHz
   24          //  TM0PS = 0x15;     //设置定时器时钟预分频 ( 注意:并非所有系列都有此寄存器,详情请查看数据手册 )
   25          //  AUXR &= 0x7F;     //定时器时钟12T模式
   26          //  TMOD &= 0xF0;     //设置定时器模式
   27          //  TL0 = 0x8C;       //设置定时初始值
   28          //  TH0 = 0x0A;       //设置定时初始值
   29          //  TF0 = 0;        //清除TF0标志
   30          //  TR0 = 1;        //定时器0开始计时
   31          //  ET0 = 1;        //使能定时器0中断
   32          // }
   33          
   34          
   35          // void ui_running_timer_isr() interrupt 1
   36          // {
   37          //     ui_running();
   38          // }
   39          
   40          void ui_running()
   41          {
   42   1          ui_loading_index++;
   43   1          if(ui_loading_index > 3) ui_loading_index = 0;
   44   1          switch (ui_loading_index)
   45   1          {
   46   2          case 0:
   47   2              oled_p6x8str_spi(20*6, 7, '1');
   48   2              break;
   49   2          case 1:
   50   2              oled_p6x8str_spi(20*6, 7, '2');
   51   2              break;
   52   2          case 2:
   53   2              oled_p6x8str_spi(20*6, 7, '3');
   54   2              break;
   55   2          case 3:
   56   2              oled_p6x8str_spi(20*6, 7, '4');
   57   2              break;
C251 COMPILER V5.60.0,  ui                                                                 26/04/24  17:20:22  PAGE 2   

   58   2          default:
   59   2              break;
   60   2          }
   61   1      }


Module Information          Static   Overlayable
------------------------------------------------
  code size            =       180     ------
  ecode size           =    ------     ------
  data size            =    ------     ------
  idata size           =    ------     ------
  pdata size           =    ------     ------
  xdata size           =    ------     ------
  xdata-const size     =    ------     ------
  edata size           =         1     ------
  bit size             =    ------     ------
  ebit size            =    ------     ------
  bitaddressable size  =    ------     ------
  ebitaddressable size =    ------     ------
  far data size        =    ------     ------
  huge data size       =    ------     ------
  const size           =    ------     ------
  hconst size          =        42     ------
End of Module Information.


C251 COMPILATION COMPLETE.  0 WARNING(S),  0 ERROR(S)
