C251 COMPILER V5.60.0,  lsm303_sw                                                          09/04/24  21:24:05  PAGE 1   


C251 COMPILER V5.60.0, COMPILATION OF MODULE lsm303_sw
OBJECT MODULE PLACED IN .\Out_File\lsm303_sw.obj
COMPILER INVOKED BY: C:\Keil_v5\C251\BIN\C251.EXE ..\USER\src\lsm303_sw.c XSMALL INTR2 WARNINGLEVEL(3) OPTIMIZE(0,SPEED)
                    - BROWSE INCDIR(..\..\Libraries\libraries;..\..\Libraries\seekfree_libraries;..\..\Libraries\seekfree_peripheral;..\CODE;
                    -..\USER\inc;..\USER\src;..\..\Libraries\seekfree_components) DEBUG PRINT(.\Out_File\lsm303_sw.lst) TABS(2) OBJECT(.\Out_
                    -File\lsm303_sw.obj) 

stmt  level    source

    1          #include "lsm303_sw.h"
    2          #include <MATH.H>
    3          
    4          // 软件IIC需要手动设置SCL、SDA引脚
    5          sbit SCL = P3^2;
    6          sbit SDA = P3^3;
    7          // sbit SCL = P2^6;
    8          // sbit SDA = P2^7;
    9          
   10          unsigned char BUF[8];       //接收数据缓存区 
   11          
   12          void iic_lsm303_start()
   13          {
   14   1          // 产生一个IIC起始信号
   15   1          SDA = 1;
   16   1          SCL = 1;
   17   1          delay_us(5);
   18   1          SDA = 0;
   19   1          delay_us(5);
   20   1          SCL = 0;
   21   1      }
   22          
   23          void iic_lsm303_stop()
   24          {
   25   1          // 产生一个IIC停止信号
   26   1          SDA = 0;
   27   1          SCL = 1;
   28   1          delay_us(5);
   29   1          SDA = 1;
   30   1          delay_us(5);
   31   1      }
   32          
   33          void iic_lsm303_sendack(bit ackornack)
   34          {
   35   1          // 产生一个IIC应答信号
   36   1          // ACK=0表示应答，ACK=1表示非应答
   37   1          SDA = ackornack;
   38   1          SCL = 1;
   39   1          delay_us(5);
   40   1          SCL = 0;
   41   1          delay_us(5);
   42   1      }
   43          
   44          bit iic_lsm303_recvack()
   45          {
   46   1          // 读取IIC应答信号
   47   1          SCL = 1;
   48   1          delay_us(5);
   49   1          CY = SDA;
   50   1          SCL = 0;
   51   1          delay_us(5);
   52   1          return CY;
   53   1      }
   54          
   55          void iic_lsm303_sendbyte(unsigned char dat)
   56          {
C251 COMPILER V5.60.0,  lsm303_sw                                                          09/04/24  21:24:05  PAGE 2   

   57   1          // 发送一个字节数据
   58   1          unsigned char i;
   59   1          for(i=0;i<8;i++)
   60   1          {
   61   2              dat <<= 1;
   62   2              SDA = CY;
   63   2              SCL = 1;
   64   2              delay_us(5);
   65   2              SCL = 0;
   66   2              delay_us(5);
   67   2          }
   68   1          iic_lsm303_recvack();
   69   1      }
   70          
   71          unsigned char iic_lsm303_recvbyte()
   72          {
   73   1          // 读取一个字节数据
   74   1          unsigned char i, dat=0;
   75   1          SDA = 1;
   76   1          for(i=0;i<8;i++)
   77   1          {
   78   2              dat <<= 1;
   79   2              SCL = 1;
   80   2              delay_us(5);
   81   2              dat |= SDA;
   82   2              SCL = 0;
   83   2              delay_us(5);
   84   2          }
   85   1          return dat;
   86   1      }
   87          
   88          void iic_lsm303_singlewrite()
   89          {
   90   1          iic_lsm303_start();
   91   1          iic_lsm303_sendbyte(SlaveAddr);
*** ERROR C67 IN LINE 91 OF ..\USER\src\lsm303_sw.c: 'SlaveAddr': undefined identifier
*** WARNING C96 IN LINE 91 OF ..\USER\src\lsm303_sw.c: 'iic_lsm303_sendbyte': too few actual parameters
   92   1          iic_lsm303_sendbyte(RegAddr);
*** ERROR C67 IN LINE 92 OF ..\USER\src\lsm303_sw.c: 'RegAddr': undefined identifier
*** WARNING C96 IN LINE 92 OF ..\USER\src\lsm303_sw.c: 'iic_lsm303_sendbyte': too few actual parameters
   93   1          iic_lsm303_sendbyte(RegData);
*** ERROR C67 IN LINE 93 OF ..\USER\src\lsm303_sw.c: 'RegData': undefined identifier
*** WARNING C96 IN LINE 93 OF ..\USER\src\lsm303_sw.c: 'iic_lsm303_sendbyte': too few actual parameters
   94   1          iic_lsm303_stop();
   95   1      }
   96          
   97          void iic_lsm303_singleread(unsigned char SlaveAddr, unsigned char RegAddr, unsigned char RegData)
   98          {
   99   1          unsigned char RegData;
*** ERROR C53 IN LINE 99 OF ..\USER\src\lsm303_sw.c: redefinition of 'RegData'
  100   1          iic_lsm303_start();
  101   1          iic_lsm303_sendbyte(SlaveAddr);
  102   1          iic_lsm303_sendbyte(RegAddr);
  103   1          iic_lsm303_start();
  104   1          iic_lsm303_sendbyte(SlaveAddr + 1);
*** WARNING C188 IN LINE 104 OF ..\USER\src\lsm303_sw.c: 'parameter 1': value truncated
  105   1          RegData = iic_lsm303_recvbyte();
  106   1          iic_lsm303_sendack(1);
  107   1          iic_lsm303_stop();
  108   1          return RegData;
*** ERROR C136 IN LINE 108 OF ..\USER\src\lsm303_sw.c: return value on 'void' function
  109   1      }
  110          
  111          void iic_lsm303_multiread(unsigned char SlaveAddr, unsigned char STAddr)
  112          {
  113   1          // 连续读取多个字节数据
C251 COMPILER V5.60.0,  lsm303_sw                                                          09/04/24  21:24:05  PAGE 3   

  114   1          unsigned char i;
  115   1          iic_lsm303_start();
  116   1          iic_lsm303_sendbyte(SlaveAddr);
  117   1          iic_lsm303_sendbyte(STAddr);
  118   1          iic_lsm303_start();
  119   1          iic_lsm303_sendbyte(SlaveAddr + 1);
*** WARNING C188 IN LINE 119 OF ..\USER\src\lsm303_sw.c: 'parameter 1': value truncated
  120   1          for(i=0;i<6;i++)
  121   1          {
  122   2              BUF[i] = iic_lsm303_recvbyte();
  123   2              if (i==5)
  124   2              {
  125   3                  iic_lsm303_sendack(1);
  126   3              }
  127   2              else
  128   2              {
  129   3                  iic_lsm303_sendack(0);
  130   3              }
  131   2          }
  132   1          iic_lsm303_stop();
  133   1          delay_us(5);
  134   1      }
  135          
  136          void lsm303_init_all(void) 
  137          {
  138   1          lsm303_acc_init();
  139   1          lsm303_mag_init();
  140   1      }
  141          
  142          void lsm303_acc_init(void) 
  143          {
  144   1          // 初始化加速度传感器
  145   1          // 写入LSM303_CTRL_REG[1:6]_A寄存器
  146   1      
  147   1          unsigned char CTRL_REG1;
  148   1          unsigned char CTRL_REG2;
  149   1          unsigned char CTRL_REG3;
  150   1          unsigned char CTRL_REG4;
  151   1          unsigned char CTRL_REG5;
  152   1          unsigned char CTRL_REG6;
  153   1      
  154   1          CTRL_REG1 = 0x27;
  155   1          // 配置为 0101 0111 = 0x57
  156   1          // 前四位： 0000 关机模式
  157   1          //          0011 通用1Hz    0010 通用10Hz   0011 通用25Hz   0100 通用50Hz   0101 通用100Hz
  158   1          //          0110 通用200Hz  0111 通用400Hz  1000 低功耗1.620kHz             1001 普通1.344kH
             -z/低功耗5.376kHz
  159   1          // 后四位： *___ 0:低功耗模式关闭   /   1:低功耗模式开启
  160   1          //          _*__ 0:Z轴关闭          /   1:Z轴开启
  161   1          //          __*_ 0:Y轴关闭          /   1:Y轴开启
  162   1          //          ___* 0:X轴关闭          /   1:X轴开启
  163   1      
  164   1          CTRL_REG2 = 0x00; // 高通滤波器配置关闭
  165   1          CTRL_REG3 = 0x00; // 所有中断关闭
  166   1          CTRL_REG4 = 0x00; // 数据输出格式设置为正常模式，±2g
  167   1          CTRL_REG5 = 0x00; // FIFO关闭，不使用高通滤波器
  168   1          CTRL_REG6 = 0x00; // 中断活动配置关闭
  169   1      
  170   1          // 写入寄存器
  171   1          iic_lsm303_singlewrite(LSM303_ACC_ADDRESS, LSM303_CTRL_REG1_A, CTRL_REG1);
*** WARNING C95 IN LINE 171 OF ..\USER\src\lsm303_sw.c: 'iic_lsm303_singlewrite': too many actual parameters
*** WARNING C191 IN LINE 171 OF ..\USER\src\lsm303_sw.c: 'iic_lsm303_singlewrite()': potential runtime problem with K&R 
             -parameters
  172   1          // iic_lsm303_write_reg(LSM303_ACC_ADDRESS, LSM303_CTRL_REG2_A, CTRL_REG2);
  173   1          // iic_lsm303_write_reg(LSM303_ACC_ADDRESS, LSM303_CTRL_REG3_A, CTRL_REG3);
  174   1          // iic_lsm303_write_reg(LSM303_ACC_ADDRESS, LSM303_CTRL_REG4_A, CTRL_REG4);
C251 COMPILER V5.60.0,  lsm303_sw                                                          09/04/24  21:24:05  PAGE 4   

  175   1          // iic_lsm303_write_reg(LSM303_ACC_ADDRESS, LSM303_CTRL_REG5_A, CTRL_REG5);
  176   1          // iic_lsm303_write_reg(LSM303_ACC_ADDRESS, LSM303_CTRL_REG6_A, CTRL_REG6);
  177   1      }
  178          
  179          void lsm303_mag_init(void) {
  180   1          // 初始化磁场传感器
  181   1          unsigned char CRA_REG_M;
  182   1          unsigned char CRB_REG_M;
  183   1          unsigned char MR_REG_M;
  184   1          // 配置CRA_REG_M，数据输出速率为220Hz，温度传感器开
  185   1          CRA_REG_M = 0x9C; 
  186   1          iic_lsm303_write_reg(LSM303_MAG_ADDRESS, LSM303_CRA_REG_M, CRA_REG_M);
*** WARNING C140 IN LINE 186 OF ..\USER\src\lsm303_sw.c: 'iic_lsm303_write_reg' undefined; assuming 'extern int iic_lsm3
             -03_write_reg()'
*** WARNING C95 IN LINE 186 OF ..\USER\src\lsm303_sw.c: 'iic_lsm303_write_reg': too many actual parameters
*** WARNING C191 IN LINE 186 OF ..\USER\src\lsm303_sw.c: 'iic_lsm303_write_reg()': potential runtime problem with K&R pa
             -rameters
  187   1      
  188   1          // 配置CRB_REG_M，增益配置为±1.3Gauss
  189   1          CRB_REG_M = 0x20; // 0010 0000
  190   1          // iic_lsm303_write_reg(LSM303_MAG_ADDRESS, LSM303_CRB_REG_M, CRB_REG_M);
  191   1      
  192   1          // 配置MR_REG_M，设置为连续转换模式
  193   1          MR_REG_M = 0x00; // 0000 0000
  194   1          iic_lsm303_singlewrite(LSM303_MAG_ADDRESS, LSM303_MR_REG_M, MR_REG_M);
*** WARNING C95 IN LINE 194 OF ..\USER\src\lsm303_sw.c: 'iic_lsm303_singlewrite': too many actual parameters
*** WARNING C191 IN LINE 194 OF ..\USER\src\lsm303_sw.c: 'iic_lsm303_singlewrite()': potential runtime problem with K&R 
             -parameters
  195   1          // iic_lsm303_write_reg(LSM303_MAG_ADDRESS, LSM303_MR_REG_M, MR_REG_M);
  196   1      }
  197          
  198          float lsm303_read_acc(char axis) 
  199          {
  200   1          unsigned char acc_data[2];
  201   1          float acc_value;
  202   1          unsigned char addr_low, addr_high;
  203   1      
  204   1          // 根据轴选择正确的寄存器地址
  205   1          switch(axis) 
  206   1          {
  207   2              case 'x':
  208   2                  addr_low = LSM303_OUT_X_L_A;
  209   2                  addr_high = LSM303_OUT_X_H_A;
  210   2                  break;
  211   2              case 'y':
  212   2                  addr_low = LSM303_OUT_Y_L_A;
  213   2                  addr_high = LSM303_OUT_Y_H_A;
  214   2                  break;
  215   2              case 'z':
  216   2                  addr_low = LSM303_OUT_Z_L_A;
  217   2                  addr_high = LSM303_OUT_Z_H_A;
  218   2                  break;
  219   2              default:
  220   2                  return 0; // 如果轴不正确，则返回0
  221   2          }
  222   1      
  223   1          // 读取加速度计的数据
  224   1          acc_data[0] = iic_lsm303_read_reg(LSM303_ACC_ADDRESS, OUT_X_L_A);
*** ERROR C67 IN LINE 224 OF ..\USER\src\lsm303_sw.c: 'OUT_X_L_A': undefined identifier
*** WARNING C140 IN LINE 224 OF ..\USER\src\lsm303_sw.c: 'iic_lsm303_read_reg' undefined; assuming 'extern int iic_lsm30
             -3_read_reg()'
*** WARNING C95 IN LINE 224 OF ..\USER\src\lsm303_sw.c: 'iic_lsm303_read_reg': too many actual parameters
  225   1          acc_data[1] = iic_lsm303_read_reg(LSM303_ACC_ADDRESS, OUT_X_H_A);
*** ERROR C67 IN LINE 225 OF ..\USER\src\lsm303_sw.c: 'OUT_X_H_A': undefined identifier
*** WARNING C95 IN LINE 225 OF ..\USER\src\lsm303_sw.c: 'iic_lsm303_read_reg': too many actual parameters
  226   1          // LSM303_MasterRecieveOneBytefromSlave(LSM303_ACC_ADDRESS, addr_low, acc_data[0]);
C251 COMPILER V5.60.0,  lsm303_sw                                                          09/04/24  21:24:05  PAGE 5   

  227   1          // LSM303_MasterRecieveOneBytefromSlave(LSM303_ACC_ADDRESS, addr_high, acc_data[1]);
  228   1      
  229   1          // 计算加速度值，考虑到数据为16位，左移高位并加上低位
  230   1          acc_value = ((float)(acc_data[1] << 8 | acc_data[0])) / 16.384f;
  231   1          // acc_value = ((float)(acc_data[1] << 8 | acc_data[0])) / 16.384f;
  232   1      
  233   1          return acc_value;
  234   1      }
  235          
  236          float lsm303_read_mag(char axis) 
  237          {
  238   1          unsigned char mag_data_lo, mag_data_hi;
  239   1          float mag_value;
  240   1          unsigned char addr_low, addr_high;
  241   1      
  242   1          // 根据轴选择正确的寄存器地址
  243   1          switch(axis) 
  244   1          {
  245   2              case 'x':
  246   2                  addr_low = LSM303_OUT_X_L_M;
  247   2                  addr_high = LSM303_OUT_X_H_M;
  248   2                  break;
  249   2              case 'y':
  250   2                  addr_low = LSM303_OUT_Y_L_M;
  251   2                  addr_high = LSM303_OUT_Y_H_M;
  252   2                  break;
  253   2              case 'z':
  254   2                  addr_low = LSM303_OUT_Z_L_M;
  255   2                  addr_high = LSM303_OUT_Z_H_M;
  256   2                  break;
  257   2              default:
  258   2                  return 0; // 如果轴不正确，则返回0
  259   2          }
  260   1      
  261   1          // 读取磁场计的数据
  262   1          // LSM303_MasterReceiveMultipleBytesfromSlave(LSM303_MAG_ADDRESS, addr, mag_data, 2);
  263   1          iic_lsm303_read_reg(LSM303_MAG_ADDRESS, addr_high, &mag_data_hi);
*** WARNING C95 IN LINE 263 OF ..\USER\src\lsm303_sw.c: 'iic_lsm303_read_reg': too many actual parameters
*** WARNING C191 IN LINE 263 OF ..\USER\src\lsm303_sw.c: 'iic_lsm303_read_reg()': potential runtime problem with K&R par
             -ameters
  264   1          iic_lsm303_read_reg(LSM303_MAG_ADDRESS, addr_low, &mag_data_lo);
*** WARNING C95 IN LINE 264 OF ..\USER\src\lsm303_sw.c: 'iic_lsm303_read_reg': too many actual parameters
*** WARNING C191 IN LINE 264 OF ..\USER\src\lsm303_sw.c: 'iic_lsm303_read_reg()': potential runtime problem with K&R par
             -ameters
  265   1      
  266   1          // 计算磁场值，由于磁场传感器的数据排列与加速度计不同，需要先读高位
  267   1          mag_value = ((float)(mag_data_hi << 8 | mag_data_lo)) / 1100.0f;
  268   1      
  269   1          return mag_value;
  270   1      }
  271          
  272          double lsm303_read_mag_angle()
  273          {
  274   1          #define M_PI 3.14159265358979323846
  275   1          unsigned char mag_data[6];
  276   1          double angle;
  277   1          int mag_x, mag_y, mag_z;
  278   1          // unsigned char addr_starter;
  279   1      
  280   1          iic_lsm303_read_reg_bytes(LSM303_MAG_ADDRESS, LSM303_OUT_X_L_M, mag_data, 6);
*** WARNING C140 IN LINE 280 OF ..\USER\src\lsm303_sw.c: 'iic_lsm303_read_reg_bytes' undefined; assuming 'extern int iic
             -_lsm303_read_reg_bytes()'
*** WARNING C95 IN LINE 280 OF ..\USER\src\lsm303_sw.c: 'iic_lsm303_read_reg_bytes': too many actual parameters
  281   1      
  282   1          mag_x = mag_data[0] << 8 | mag_data[1];
  283   1          mag_y = mag_data[2] << 8 | mag_data[3];
C251 COMPILER V5.60.0,  lsm303_sw                                                          09/04/24  21:24:05  PAGE 6   

  284   1          mag_z = mag_data[4] << 8 | mag_data[5];
  285   1      
  286   1          // 计算磁场角度
  287   1          angle = atan2((double)mag_y, (double)mag_x) * (180 / M_PI) + 180;
  288   1          angle *= 10;
  289   1      
  290   1          return angle;
  291   1      }

C251 COMPILATION COMPLETE.  21 WARNING(S),  7 ERROR(S)
